// Jest Snapshot v1, https://jestjs.io/docs/snapshot-testing

exports[`API contract lock freezes public route methods and paths 1`] = `
[
  {
    "file": "src/commissions/commission-rules.controller.ts",
    "handler": "n",
    "method": "DELETE",
    "path": "/commission-rules/:id",
  },
  {
    "file": "src/customers/customer-pickup-schedule.controller.ts",
    "handler": "deleteSchedule",
    "method": "DELETE",
    "path": "/customers/:customerId/pickup-schedule/:dayOfWeek",
  },
  {
    "file": "src/laundry-price-list/laundry-price-list.controller.ts",
    "handler": "n",
    "method": "DELETE",
    "path": "/laundry-price-list/items/:id",
  },
  {
    "file": "src/account-security/account-security.controller.ts",
    "handler": "revokeSession",
    "method": "DELETE",
    "path": "/owner/security/sessions/:id",
  },
  {
    "file": "src/payroll/payroll.controller.ts",
    "handler": "removeAdHoc",
    "method": "DELETE",
    "path": "/payroll/adhoc-lines/:id",
  },
  {
    "file": "src/presence/presence.controller.ts",
    "handler": "release",
    "method": "DELETE",
    "path": "/presence/heartbeat",
  },
  {
    "file": "src/subscription-plans/subscription-plans.controller.ts",
    "handler": "remove",
    "method": "DELETE",
    "path": "/subscription-plans/:id",
  },
  {
    "file": "src/users/users.controller.ts",
    "handler": "n",
    "method": "DELETE",
    "path": "/users/:id",
  },
  {
    "file": "src/app.controller.ts",
    "handler": "getHello",
    "method": "GET",
    "path": "/",
  },
  {
    "file": "src/accounting/accounting.controller.ts",
    "handler": "getDiscrepancies",
    "method": "GET",
    "path": "/accounting/discrepancies",
  },
  {
    "file": "src/accounting/accounting.controller.ts",
    "handler": "getReconciliation",
    "method": "GET",
    "path": "/accounting/reconciliation",
  },
  {
    "file": "src/accounting/accounting.controller.ts",
    "handler": "getTimeline",
    "method": "GET",
    "path": "/accounting/timeline",
  },
  {
    "file": "src/queue-admin/queue-admin.controller.ts",
    "handler": "verifyAudit",
    "method": "GET",
    "path": "/admin/audit/verify",
  },
  {
    "file": "src/owner-dashboard/owner-dashboard.controller.ts",
    "handler": "n",
    "method": "GET",
    "path": "/admin/owner-dashboard",
  },
  {
    "file": "src/queue-admin/queue-admin.controller.ts",
    "handler": "dlq",
    "method": "GET",
    "path": "/admin/queues/dlq",
  },
  {
    "file": "src/attendance/attendance.controller.ts",
    "handler": "s",
    "method": "GET",
    "path": "/attendance",
  },
  {
    "file": "src/audit-logs/audit-logs.controller.ts",
    "handler": "n",
    "method": "GET",
    "path": "/audit/logs",
  },
  {
    "file": "src/branches/branches.controller.ts",
    "handler": "s",
    "method": "GET",
    "path": "/branches",
  },
  {
    "file": "src/branches/branches.controller.ts",
    "handler": "n",
    "method": "GET",
    "path": "/branches/operations-live",
  },
  {
    "file": "src/call-center/control-tower/control-tower.controller.ts",
    "handler": "n",
    "method": "GET",
    "path": "/call-center/control-tower",
  },
  {
    "file": "src/call-center/call-center.controller.ts",
    "handler": "n",
    "method": "GET",
    "path": "/call-center/customers",
  },
  {
    "file": "src/call-center/call-center.controller.ts",
    "handler": "s",
    "method": "GET",
    "path": "/call-center/customers/:customerId/collection-debt-breakdown",
  },
  {
    "file": "src/call-center/call-center.controller.ts",
    "handler": "s",
    "method": "GET",
    "path": "/call-center/customers/:customerId/debt-conversion-options",
  },
  {
    "file": "src/call-center/call-center.controller.ts",
    "handler": "s",
    "method": "GET",
    "path": "/call-center/customers/:customerId/ledger",
  },
  {
    "file": "src/call-center/call-center.controller.ts",
    "handler": "n",
    "method": "GET",
    "path": "/call-center/customers/:customerId/settlements",
  },
  {
    "file": "src/call-center/call-center.controller.ts",
    "handler": "n",
    "method": "GET",
    "path": "/call-center/customers/:customerId/subscription-rollover-preview",
  },
  {
    "file": "src/call-center/call-center.controller.ts",
    "handler": "n",
    "method": "GET",
    "path": "/call-center/customers/:customerId/subscriptions",
  },
  {
    "file": "src/call-center/call-center.controller.ts",
    "handler": "s",
    "method": "GET",
    "path": "/call-center/daily-collections",
  },
  {
    "file": "src/call-center/call-center.controller.ts",
    "handler": "s",
    "method": "GET",
    "path": "/call-center/daily-collections/reconciliation",
  },
  {
    "file": "src/call-center/call-center.controller.ts",
    "handler": "s",
    "method": "GET",
    "path": "/call-center/debt-recovery-report",
  },
  {
    "file": "src/dispatch/dispatch.controller.ts",
    "handler": "n",
    "method": "GET",
    "path": "/call-center/dispatch/active",
  },
  {
    "file": "src/dispatch/dispatch.controller.ts",
    "handler": "n",
    "method": "GET",
    "path": "/call-center/dispatch/monitor",
  },
  {
    "file": "src/dispatch/dispatch.controller.ts",
    "handler": "n",
    "method": "GET",
    "path": "/call-center/drivers",
  },
  {
    "file": "src/call-center/call-center.controller.ts",
    "handler": "s",
    "method": "GET",
    "path": "/call-center/operations-summary",
  },
  {
    "file": "src/call-center/call-center.controller.ts",
    "handler": "n",
    "method": "GET",
    "path": "/call-center/subscription-plans",
  },
  {
    "file": "src/cash-intelligence/cash-intelligence.controller.ts",
    "handler": "getAnalysis",
    "method": "GET",
    "path": "/cash-intelligence/analysis",
  },
  {
    "file": "src/cash-monitor/cash-monitor.controller.ts",
    "handler": "getClassified",
    "method": "GET",
    "path": "/cash-intelligence/classified",
  },
  {
    "file": "src/cash-monitor/cash-monitor.controller.ts",
    "handler": "getDashboard",
    "method": "GET",
    "path": "/cash-intelligence/dashboard",
  },
  {
    "file": "src/cash-monitor/cash-monitor.controller.ts",
    "handler": "getDecisions",
    "method": "GET",
    "path": "/cash-intelligence/decisions",
  },
  {
    "file": "src/cash-monitor/cash-monitor.controller.ts",
    "handler": "runDriverAmountAudit",
    "method": "GET",
    "path": "/cash-intelligence/driver-amount-audit",
  },
  {
    "file": "src/cash-monitor/cash-monitor.controller.ts",
    "handler": "getExecutive",
    "method": "GET",
    "path": "/cash-intelligence/executive",
  },
  {
    "file": "src/cash-monitor/cash-monitor.controller.ts",
    "handler": "getExplain",
    "method": "GET",
    "path": "/cash-intelligence/explain",
  },
  {
    "file": "src/cash-monitor/cash-monitor.controller.ts",
    "handler": "s",
    "method": "GET",
    "path": "/cash-intelligence/exposure",
  },
  {
    "file": "src/cash-monitor/cash-monitor.controller.ts",
    "handler": "runIntegrityAudit",
    "method": "GET",
    "path": "/cash-intelligence/integrity-audit",
  },
  {
    "file": "src/cash-monitor/cash-monitor.controller.ts",
    "handler": "getLive",
    "method": "GET",
    "path": "/cash-intelligence/live",
  },
  {
    "file": "src/cash-monitor/cash-monitor.controller.ts",
    "handler": "getOperational",
    "method": "GET",
    "path": "/cash-intelligence/operational",
  },
  {
    "file": "src/cash-monitor/cash-monitor.controller.ts",
    "handler": "getRisk",
    "method": "GET",
    "path": "/cash-intelligence/risk",
  },
  {
    "file": "src/cash-monitor/cash-monitor.controller.ts",
    "handler": "runRoleConsistencyAudit",
    "method": "GET",
    "path": "/cash-intelligence/role-consistency-audit",
  },
  {
    "file": "src/cash-monitor/cash-monitor.controller.ts",
    "handler": "verifySystem",
    "method": "GET",
    "path": "/cash-intelligence/verify",
  },
  {
    "file": "src/finance/collections/collections-workflow.controller.ts",
    "handler": "getAccount",
    "method": "GET",
    "path": "/collections/accounts/:customerId",
  },
  {
    "file": "src/finance/promises/promises.controller.ts",
    "handler": "list",
    "method": "GET",
    "path": "/collections/promises",
  },
  {
    "file": "src/collections-workflow/collections-workflow.controller.ts",
    "handler": "list",
    "method": "GET",
    "path": "/collections/workflow",
  },
  {
    "file": "src/collections-workflow/collections-workflow.controller.ts",
    "handler": "findOne",
    "method": "GET",
    "path": "/collections/workflow/:id",
  },
  {
    "file": "src/collections-workflow/collections-workflow.controller.ts",
    "handler": "n",
    "method": "GET",
    "path": "/collections/workflow/queue",
  },
  {
    "file": "src/commissions/commission-payouts.controller.ts",
    "handler": "s",
    "method": "GET",
    "path": "/commission-payouts",
  },
  {
    "file": "src/commissions/commission-rules.controller.ts",
    "handler": "s",
    "method": "GET",
    "path": "/commission-rules",
  },
  {
    "file": "src/commissions/commission-rules.controller.ts",
    "handler": "s",
    "method": "GET",
    "path": "/commission-rules/:id",
  },
  {
    "file": "src/commissions/commission-rules.controller.ts",
    "handler": "s",
    "method": "GET",
    "path": "/commission-rules/default",
  },
  {
    "file": "src/customers/customers.controller.ts",
    "handler": "n",
    "method": "GET",
    "path": "/customers",
  },
  {
    "file": "src/customers/customers.controller.ts",
    "handler": "s",
    "method": "GET",
    "path": "/customers/:customerId/360",
  },
  {
    "file": "src/customers/customer-pickup-schedule.controller.ts",
    "handler": "getSchedules",
    "method": "GET",
    "path": "/customers/:customerId/pickup-schedule",
  },
  {
    "file": "src/finance/timeline/financial-timeline.controller.ts",
    "handler": "n",
    "method": "GET",
    "path": "/customers/:id/financial-timeline",
  },
  {
    "file": "src/customers/customers.controller.ts",
    "handler": "n",
    "method": "GET",
    "path": "/customers/:id/profile",
  },
  {
    "file": "src/customers/customers.controller.ts",
    "handler": "n",
    "method": "GET",
    "path": "/customers/resolve-incoming-phone",
  },
  {
    "file": "src/debt-holds/debt-holds.controller.ts",
    "handler": "s",
    "method": "GET",
    "path": "/debt-holds",
  },
  {
    "file": "src/debt-holds/debt-holds.controller.ts",
    "handler": "s",
    "method": "GET",
    "path": "/debt-holds/preview/:employeeUserId",
  },
  {
    "file": "src/debt-transfers/debt-transfers.controller.ts",
    "handler": "s",
    "method": "GET",
    "path": "/debt-transfers",
  },
  {
    "file": "src/debt-transfers/debt-transfers.controller.ts",
    "handler": "s",
    "method": "GET",
    "path": "/debt-transfers/:id",
  },
  {
    "file": "src/debt-transfers/debt-transfers.controller.ts",
    "handler": "s",
    "method": "GET",
    "path": "/debt-transfers/drivers",
  },
  {
    "file": "src/debt-transfers/debt-transfers.controller.ts",
    "handler": "s",
    "method": "GET",
    "path": "/debt-transfers/drivers/:driverId/outstanding",
  },
  {
    "file": "src/debt-transfers/debt-transfers.controller.ts",
    "handler": "n",
    "method": "GET",
    "path": "/debt-transfers/mine",
  },
  {
    "file": "src/dispatch/dispatch.controller.ts",
    "handler": "n",
    "method": "GET",
    "path": "/driver/dispatch/mine",
  },
  {
    "file": "src/dispatch/dispatch.controller.ts",
    "handler": "n",
    "method": "GET",
    "path": "/driver/dispatch/mine/poll",
  },
  {
    "file": "src/expenses/expenses.controller.ts",
    "handler": "n",
    "method": "GET",
    "path": "/expenses",
  },
  {
    "file": "src/expenses/expenses.controller.ts",
    "handler": "n",
    "method": "GET",
    "path": "/expenses/driver/mine",
  },
  {
    "file": "src/expenses/expenses.controller.ts",
    "handler": "n",
    "method": "GET",
    "path": "/expenses/pending-approval",
  },
  {
    "file": "src/exports/exports.controller.ts",
    "handler": "s",
    "method": "GET",
    "path": "/exports/attendance.xlsx",
  },
  {
    "file": "src/exports/exports.controller.ts",
    "handler": "financialCycleXlsx",
    "method": "GET",
    "path": "/exports/financial-cycle.xlsx",
  },
  {
    "file": "src/exports/exports.controller.ts",
    "handler": "s",
    "method": "GET",
    "path": "/exports/inventory.xlsx",
  },
  {
    "file": "src/exports/exports.controller.ts",
    "handler": "s",
    "method": "GET",
    "path": "/exports/issued-invoices.pdf",
  },
  {
    "file": "src/exports/exports.controller.ts",
    "handler": "s",
    "method": "GET",
    "path": "/exports/issued-invoices.xlsx",
  },
  {
    "file": "src/exports/exports.controller.ts",
    "handler": "s",
    "method": "GET",
    "path": "/exports/payroll.xlsx",
  },
  {
    "file": "src/exports/exports.controller.ts",
    "handler": "s",
    "method": "GET",
    "path": "/exports/stock-movements.xlsx",
  },
  {
    "file": "src/exports/exports.controller.ts",
    "handler": "s",
    "method": "GET",
    "path": "/exports/unified-ledger.xlsx",
  },
  {
    "file": "src/feedback/feedback.controller.ts",
    "handler": "s",
    "method": "GET",
    "path": "/feedback",
  },
  {
    "file": "src/finance/aging/aging.controller.ts",
    "handler": "listCustomers",
    "method": "GET",
    "path": "/finance/aging/customers",
  },
  {
    "file": "src/finance/aging/aging.controller.ts",
    "handler": "listInvoices",
    "method": "GET",
    "path": "/finance/aging/invoices",
  },
  {
    "file": "src/finance/finance.controller.ts",
    "handler": "s",
    "method": "GET",
    "path": "/finance/alerts",
  },
  {
    "file": "src/finance/audit/financial-audit.controller.ts",
    "handler": "n",
    "method": "GET",
    "path": "/finance/audit/alerts",
  },
  {
    "file": "src/finance/audit/financial-audit.controller.ts",
    "handler": "n",
    "method": "GET",
    "path": "/finance/audit/fraud-signals",
  },
  {
    "file": "src/finance/audit/financial-audit.controller.ts",
    "handler": "n",
    "method": "GET",
    "path": "/finance/audit/global-invariant",
  },
  {
    "file": "src/finance/audit/financial-audit.controller.ts",
    "handler": "n",
    "method": "GET",
    "path": "/finance/audit/invalid-payments",
  },
  {
    "file": "src/finance/audit/financial-audit.controller.ts",
    "handler": "n",
    "method": "GET",
    "path": "/finance/audit/overview",
  },
  {
    "file": "src/finance/audit/financial-audit.controller.ts",
    "handler": "n",
    "method": "GET",
    "path": "/finance/audit/reconcile",
  },
  {
    "file": "src/finance/audit/financial-audit.controller.ts",
    "handler": "n",
    "method": "GET",
    "path": "/finance/audit/ui-drift",
  },
  {
    "file": "src/finance/bank-deposits.controller.ts",
    "handler": "s",
    "method": "GET",
    "path": "/finance/bank-deposits",
  },
  {
    "file": "src/finance/branches/branch-accounting.controller.ts",
    "handler": "pnl",
    "method": "GET",
    "path": "/finance/branches/pnl",
  },
  {
    "file": "src/finance/branches/branch-accounting.controller.ts",
    "handler": "receivables",
    "method": "GET",
    "path": "/finance/branches/receivables",
  },
  {
    "file": "src/finance/branches/branch-accounting.controller.ts",
    "handler": "reconciliation",
    "method": "GET",
    "path": "/finance/branches/reconciliation",
  },
  {
    "file": "src/finance/finance.controller.ts",
    "handler": "n",
    "method": "GET",
    "path": "/finance/consolidated-cash",
  },
  {
    "file": "src/finance/outstanding/outstanding.controller.ts",
    "handler": "getStatus",
    "method": "GET",
    "path": "/finance/customer/:id/status",
  },
  {
    "file": "src/finance/finance.controller.ts",
    "handler": "n",
    "method": "GET",
    "path": "/finance/dashboard-summary",
  },
  {
    "file": "src/finance/finance.controller.ts",
    "handler": "n",
    "method": "GET",
    "path": "/finance/dashboard/realtime-totals",
  },
  {
    "file": "src/finance/deposits.controller.ts",
    "handler": "s",
    "method": "GET",
    "path": "/finance/deposits",
  },
  {
    "file": "src/finance/finance.controller.ts",
    "handler": "n",
    "method": "GET",
    "path": "/finance/driver-balance",
  },
  {
    "file": "src/finance/finance.controller.ts",
    "handler": "s",
    "method": "GET",
    "path": "/finance/driver-monitoring",
  },
  {
    "file": "src/finance/finance.controller.ts",
    "handler": "n",
    "method": "GET",
    "path": "/finance/driver/my-cash-custody",
  },
  {
    "file": "src/expenses/finance-expenses-summary.controller.ts",
    "handler": "n",
    "method": "GET",
    "path": "/finance/expenses-summary",
  },
  {
    "file": "src/finance/fraud/fraud-detection.controller.ts",
    "handler": "list",
    "method": "GET",
    "path": "/finance/fraud-alerts",
  },
  {
    "file": "src/finance/finance.controller.ts",
    "handler": "getFinanceInsights",
    "method": "GET",
    "path": "/finance/insights",
  },
  {
    "file": "src/finance/invoice-payment-status.controller.ts",
    "handler": "n",
    "method": "GET",
    "path": "/finance/invoices/:orderId/payment-status",
  },
  {
    "file": "src/finance/invoice-payment-status.controller.ts",
    "handler": "n",
    "method": "GET",
    "path": "/finance/invoices/payment-status",
  },
  {
    "file": "src/finance/journal.controller.ts",
    "handler": "s",
    "method": "GET",
    "path": "/finance/journal/customers/:customerId/balance",
  },
  {
    "file": "src/finance/journal.controller.ts",
    "handler": "s",
    "method": "GET",
    "path": "/finance/journal/customers/:customerId/call-center-bank-statement",
  },
  {
    "file": "src/finance/journal.controller.ts",
    "handler": "s",
    "method": "GET",
    "path": "/finance/journal/customers/:customerId/full-entries",
  },
  {
    "file": "src/finance/journal.controller.ts",
    "handler": "s",
    "method": "GET",
    "path": "/finance/journal/customers/:customerId/statement",
  },
  {
    "file": "src/finance/ledger/ledger.controller.ts",
    "handler": "e",
    "method": "GET",
    "path": "/finance/ledger/bank-statement/:entityId",
  },
  {
    "file": "src/finance/ledger/ledger.controller.ts",
    "handler": "getDriverAccount",
    "method": "GET",
    "path": "/finance/ledger/driver/:id",
  },
  {
    "file": "src/finance/ledger/ledger.controller.ts",
    "handler": "getManagerAccount",
    "method": "GET",
    "path": "/finance/ledger/manager/:id",
  },
  {
    "file": "src/finance/ledger/ledger.controller.ts",
    "handler": "getReconciliation",
    "method": "GET",
    "path": "/finance/ledger/reconciliation",
  },
  {
    "file": "src/finance/ledger/ledger.controller.ts",
    "handler": "getSummary",
    "method": "GET",
    "path": "/finance/ledger/summary",
  },
  {
    "file": "src/finance/ledger/ledger.controller.ts",
    "handler": "getTransactions",
    "method": "GET",
    "path": "/finance/ledger/transactions",
  },
  {
    "file": "src/finance/observability/financial-observability.controller.ts",
    "handler": "getDrift",
    "method": "GET",
    "path": "/finance/observability/drift",
  },
  {
    "file": "src/finance/observability/financial-observability.controller.ts",
    "handler": "getPerformance",
    "method": "GET",
    "path": "/finance/observability/performance",
  },
  {
    "file": "src/finance/observability/financial-observability.controller.ts",
    "handler": "getReconciliation",
    "method": "GET",
    "path": "/finance/observability/reconciliation",
  },
  {
    "file": "src/finance/outstanding/outstanding.controller.ts",
    "handler": "n",
    "method": "GET",
    "path": "/finance/outstanding",
  },
  {
    "file": "src/finance/finance.controller.ts",
    "handler": "n",
    "method": "GET",
    "path": "/finance/outstanding-debts-without-links",
  },
  {
    "file": "src/finance/finance.controller.ts",
    "handler": "n",
    "method": "GET",
    "path": "/finance/owner-dashboard",
  },
  {
    "file": "src/finance/finance.controller.ts",
    "handler": "n",
    "method": "GET",
    "path": "/finance/owner/customer-wallet-summary",
  },
  {
    "file": "src/finance/periods/financial-periods.controller.ts",
    "handler": "s",
    "method": "GET",
    "path": "/finance/periods",
  },
  {
    "file": "src/finance/periods/financial-periods.controller.ts",
    "handler": "s",
    "method": "GET",
    "path": "/finance/periods/status",
  },
  {
    "file": "src/finance/periods/financial-periods.controller.ts",
    "handler": "violations",
    "method": "GET",
    "path": "/finance/periods/violations",
  },
  {
    "file": "src/finance/finance.controller.ts",
    "handler": "n",
    "method": "GET",
    "path": "/finance/reconciliation",
  },
  {
    "file": "src/finance/finance.controller.ts",
    "handler": "n",
    "method": "GET",
    "path": "/finance/reconciliation/explain",
  },
  {
    "file": "src/finance/finance.controller.ts",
    "handler": "n",
    "method": "GET",
    "path": "/finance/reports/cash-reconciliation",
  },
  {
    "file": "src/finance/finance.controller.ts",
    "handler": "s",
    "method": "GET",
    "path": "/finance/reports/daily-pos-sales",
  },
  {
    "file": "src/finance/finance.controller.ts",
    "handler": "n",
    "method": "GET",
    "path": "/finance/reports/debt-by-category",
  },
  {
    "file": "src/finance/finance.controller.ts",
    "handler": "n",
    "method": "GET",
    "path": "/finance/reports/driver-cash-trace",
  },
  {
    "file": "src/finance/finance.controller.ts",
    "handler": "n",
    "method": "GET",
    "path": "/finance/reports/financial-cycle",
  },
  {
    "file": "src/finance/finance.controller.ts",
    "handler": "n",
    "method": "GET",
    "path": "/finance/reports/open-debt-by-issuer",
  },
  {
    "file": "src/finance/finance.controller.ts",
    "handler": "n",
    "method": "GET",
    "path": "/finance/reports/unpaid-invoices",
  },
  {
    "file": "src/finance/sales-debt-analytics/sales-debt-analytics.controller.ts",
    "handler": "n",
    "method": "GET",
    "path": "/finance/sales-debt-analytics",
  },
  {
    "file": "src/finance/timeline/financial-timeline.controller.ts",
    "handler": "n",
    "method": "GET",
    "path": "/finance/timeline/:customerId",
  },
  {
    "file": "src/finance/debt-visibility/debt-visibility.controller.ts",
    "handler": "n",
    "method": "GET",
    "path": "/finance/visibility/collections-summary",
  },
  {
    "file": "src/finance/debt-visibility/debt-visibility.controller.ts",
    "handler": "n",
    "method": "GET",
    "path": "/finance/visibility/customer/:customerId",
  },
  {
    "file": "src/finance/debt-visibility/debt-visibility.controller.ts",
    "handler": "n",
    "method": "GET",
    "path": "/finance/visibility/invoice/:orderId",
  },
  {
    "file": "src/fixed-expenses/fixed-expense.controller.ts",
    "handler": "s",
    "method": "GET",
    "path": "/fixed-expenses",
  },
  {
    "file": "src/health/health.controller.ts",
    "handler": "check",
    "method": "GET",
    "path": "/health",
  },
  {
    "file": "src/insights/insights.controller.ts",
    "handler": "s",
    "method": "GET",
    "path": "/insights/anomalies",
  },
  {
    "file": "src/insights/insights.controller.ts",
    "handler": "s",
    "method": "GET",
    "path": "/insights/cash-forecast",
  },
  {
    "file": "src/insights/insights.controller.ts",
    "handler": "s",
    "method": "GET",
    "path": "/insights/driver-scorecard",
  },
  {
    "file": "src/insights/insights.controller.ts",
    "handler": "n",
    "method": "GET",
    "path": "/insights/executive/weekly",
  },
  {
    "file": "src/insights/insights.controller.ts",
    "handler": "n",
    "method": "GET",
    "path": "/insights/executive/weekly/:key",
  },
  {
    "file": "src/inventory/inventory.controller.ts",
    "handler": "listCategories",
    "method": "GET",
    "path": "/inventory/categories",
  },
  {
    "file": "src/inventory/inventory.controller.ts",
    "handler": "listItems",
    "method": "GET",
    "path": "/inventory/items",
  },
  {
    "file": "src/inventory/inventory.controller.ts",
    "handler": "n",
    "method": "GET",
    "path": "/inventory/low-stock",
  },
  {
    "file": "src/inventory/inventory.controller.ts",
    "handler": "n",
    "method": "GET",
    "path": "/inventory/low-stock/latest",
  },
  {
    "file": "src/inventory/inventory.controller.ts",
    "handler": "n",
    "method": "GET",
    "path": "/inventory/movements",
  },
  {
    "file": "src/inventory/inventory.controller.ts",
    "handler": "n",
    "method": "GET",
    "path": "/inventory/report",
  },
  {
    "file": "src/inventory/inventory.controller.ts",
    "handler": "listSuppliers",
    "method": "GET",
    "path": "/inventory/suppliers",
  },
  {
    "file": "src/invoice-audit/invoice-audit.controller.ts",
    "handler": "n",
    "method": "GET",
    "path": "/invoice-audit/cc-performance",
  },
  {
    "file": "src/invoice-audit/invoice-audit.controller.ts",
    "handler": "n",
    "method": "GET",
    "path": "/invoice-audit/log",
  },
  {
    "file": "src/laundry-price-list/laundry-price-list.controller.ts",
    "handler": "s",
    "method": "GET",
    "path": "/laundry-price-list",
  },
  {
    "file": "src/laundry-price-list/laundry-price-list.controller.ts",
    "handler": "s",
    "method": "GET",
    "path": "/laundry-price-list/catalog-version",
  },
  {
    "file": "src/laundry-price-list/laundry-price-list.controller.ts",
    "handler": "s",
    "method": "GET",
    "path": "/laundry-price-list/categories",
  },
  {
    "file": "src/leaves/leaves.controller.ts",
    "handler": "s",
    "method": "GET",
    "path": "/leaves",
  },
  {
    "file": "src/leaves/leaves.controller.ts",
    "handler": "s",
    "method": "GET",
    "path": "/leaves/:id",
  },
  {
    "file": "src/leaves/leaves.controller.ts",
    "handler": "s",
    "method": "GET",
    "path": "/leaves/mine",
  },
  {
    "file": "src/loans/loans.controller.ts",
    "handler": "s",
    "method": "GET",
    "path": "/loans",
  },
  {
    "file": "src/loans/loans.controller.ts",
    "handler": "s",
    "method": "GET",
    "path": "/loans/:id",
  },
  {
    "file": "src/loans/loans.controller.ts",
    "handler": "s",
    "method": "GET",
    "path": "/loans/mine",
  },
  {
    "file": "src/manager-custody/manager-custody.controller.ts",
    "handler": "s",
    "method": "GET",
    "path": "/manager-custody/:id",
  },
  {
    "file": "src/manager-custody/manager-custody.controller.ts",
    "handler": "n",
    "method": "GET",
    "path": "/manager-custody/aging",
  },
  {
    "file": "src/manager-custody/manager-custody.controller.ts",
    "handler": "n",
    "method": "GET",
    "path": "/manager-custody/driver/mine",
  },
  {
    "file": "src/manager-custody/manager-custody.controller.ts",
    "handler": "s",
    "method": "GET",
    "path": "/manager-custody/mine",
  },
  {
    "file": "src/manager-custody/manager-custody.controller.ts",
    "handler": "n",
    "method": "GET",
    "path": "/manager-custody/staff-debts",
  },
  {
    "file": "src/manager-custody/cash-flow-aliases.controller.ts",
    "handler": "n",
    "method": "GET",
    "path": "/manager/cash-status",
  },
  {
    "file": "src/driver-oversight/driver-oversight.controller.ts",
    "handler": "n",
    "method": "GET",
    "path": "/manager/driver-oversight",
  },
  {
    "file": "src/manager-documents/manager-documents.controller.ts",
    "handler": "n",
    "method": "GET",
    "path": "/manager/my-documents",
  },
  {
    "file": "src/manager-documents/manager-documents.controller.ts",
    "handler": "n",
    "method": "GET",
    "path": "/manager/my-documents/expense/:id",
  },
  {
    "file": "src/queue-admin/queue-admin.controller.ts",
    "handler": "metrics",
    "method": "GET",
    "path": "/metrics/queues",
  },
  {
    "file": "src/orders/orders.controller.ts",
    "handler": "n",
    "method": "GET",
    "path": "/orders",
  },
  {
    "file": "src/orders/orders.controller.ts",
    "handler": "n",
    "method": "GET",
    "path": "/orders/:id",
  },
  {
    "file": "src/orders/orders.controller.ts",
    "handler": "n",
    "method": "GET",
    "path": "/orders/branch-drivers",
  },
  {
    "file": "src/orders/orders.controller.ts",
    "handler": "s",
    "method": "GET",
    "path": "/orders/collections/unpaid-online",
  },
  {
    "file": "src/orders/orders.controller.ts",
    "handler": "s",
    "method": "GET",
    "path": "/orders/collections/unpaid-online/report",
  },
  {
    "file": "src/orders/orders.controller.ts",
    "handler": "n",
    "method": "GET",
    "path": "/orders/driver/pending-invoices",
  },
  {
    "file": "src/orders/orders.controller.ts",
    "handler": "n",
    "method": "GET",
    "path": "/orders/manager-dashboard",
  },
  {
    "file": "src/orders/orders.controller.ts",
    "handler": "n",
    "method": "GET",
    "path": "/orders/stale-quick-risks",
  },
  {
    "file": "src/financial-integrity/accounting-health.controller.ts",
    "handler": "n",
    "method": "GET",
    "path": "/owner/accounting-health",
  },
  {
    "file": "src/owner-command-center/owner-command-center.controller.ts",
    "handler": "n",
    "method": "GET",
    "path": "/owner/command-center",
  },
  {
    "file": "src/account-security/account-security.controller.ts",
    "handler": "listDevices",
    "method": "GET",
    "path": "/owner/security/devices",
  },
  {
    "file": "src/account-security/account-security.controller.ts",
    "handler": "loginHistory",
    "method": "GET",
    "path": "/owner/security/login-history",
  },
  {
    "file": "src/account-security/account-security.controller.ts",
    "handler": "mfaStatus",
    "method": "GET",
    "path": "/owner/security/mfa/status",
  },
  {
    "file": "src/account-security/account-security.controller.ts",
    "handler": "listSessions",
    "method": "GET",
    "path": "/owner/security/sessions",
  },
  {
    "file": "src/serials/serials.controller.ts",
    "handler": "n",
    "method": "GET",
    "path": "/owner/serials/drivers",
  },
  {
    "file": "src/serials/serials.controller.ts",
    "handler": "n",
    "method": "GET",
    "path": "/owner/serials/gaps",
  },
  {
    "file": "src/serials/serials.controller.ts",
    "handler": "n",
    "method": "GET",
    "path": "/owner/serials/log",
  },
  {
    "file": "src/owner-command-center/owner-command-center.controller.ts",
    "handler": "n",
    "method": "GET",
    "path": "/owner/system-health",
  },
  {
    "file": "src/payment-method-fees/payment-method-fees.controller.ts",
    "handler": "s",
    "method": "GET",
    "path": "/payment-method-fees",
  },
  {
    "file": "src/payments/payments.controller.ts",
    "handler": "mockCheckoutPage",
    "method": "GET",
    "path": "/payments/mock-checkout",
  },
  {
    "file": "src/payments/payments.controller.ts",
    "handler": "mockCheckoutPageAlias",
    "method": "GET",
    "path": "/payments/mock/checkout",
  },
  {
    "file": "src/payments/payments.controller.ts",
    "handler": "n",
    "method": "GET",
    "path": "/payments/recheck/:orderId",
  },
  {
    "file": "src/payments/payments.controller.ts",
    "handler": "n",
    "method": "GET",
    "path": "/payments/status/:orderId",
  },
  {
    "file": "src/payroll/payroll.controller.ts",
    "handler": "s",
    "method": "GET",
    "path": "/payroll",
  },
  {
    "file": "src/payroll/payroll.controller.ts",
    "handler": "s",
    "method": "GET",
    "path": "/payroll/:id",
  },
  {
    "file": "src/payroll/payroll.controller.ts",
    "handler": "s",
    "method": "GET",
    "path": "/payroll/adhoc-lines",
  },
  {
    "file": "src/permissions/permissions.controller.ts",
    "handler": "list",
    "method": "GET",
    "path": "/permissions",
  },
  {
    "file": "src/permissions/permissions.controller.ts",
    "handler": "getRole",
    "method": "GET",
    "path": "/permissions/roles/:roleId",
  },
  {
    "file": "src/pos/pos.controller.ts",
    "handler": "n",
    "method": "GET",
    "path": "/pos/customers/:customerId/billing",
  },
  {
    "file": "src/pos/pos.controller.ts",
    "handler": "n",
    "method": "GET",
    "path": "/pos/customers/cache",
  },
  {
    "file": "src/pos/pos.controller.ts",
    "handler": "n",
    "method": "GET",
    "path": "/pos/customers/search",
  },
  {
    "file": "src/presence/presence.controller.ts",
    "handler": "n",
    "method": "GET",
    "path": "/presence/active",
  },
  {
    "file": "src/presence/presence.controller.ts",
    "handler": "customerCoviewers",
    "method": "GET",
    "path": "/presence/customer/:customerId",
  },
  {
    "file": "src/public-api/public-api.controller.ts",
    "handler": "websiteOrderRequests",
    "method": "GET",
    "path": "/public/call-center/website-order-requests",
  },
  {
    "file": "src/public-api/public-api.controller.ts",
    "handler": "websiteCustomerPayments",
    "method": "GET",
    "path": "/public/call-center/website-payments",
  },
  {
    "file": "src/public-api/public-api.controller.ts",
    "handler": "catalog",
    "method": "GET",
    "path": "/public/catalog",
  },
  {
    "file": "src/public-api/public-api.controller.ts",
    "handler": "e",
    "method": "GET",
    "path": "/public/customer-order-requests",
  },
  {
    "file": "src/public-api/public-api.controller.ts",
    "handler": "e",
    "method": "GET",
    "path": "/public/customer-portal",
  },
  {
    "file": "src/public-api/public-api.controller.ts",
    "handler": "customerPortalMe",
    "method": "GET",
    "path": "/public/customer-portal/me",
  },
  {
    "file": "src/public-api/public-api.controller.ts",
    "handler": "customerOrderDelivery",
    "method": "GET",
    "path": "/public/customer-portal/orders/:orderId/delivery",
  },
  {
    "file": "src/public-api/public-api.controller.ts",
    "handler": "s",
    "method": "GET",
    "path": "/public/employee/tasks",
  },
  {
    "file": "src/orders/public-invoice.controller.ts",
    "handler": "n",
    "method": "GET",
    "path": "/public/invoice/:token",
  },
  {
    "file": "src/orders/public-invoice.controller.ts",
    "handler": "n",
    "method": "GET",
    "path": "/public/invoice/pdf",
  },
  {
    "file": "src/orders/public-invoice.controller.ts",
    "handler": "n",
    "method": "GET",
    "path": "/public/invoice/pdf/:token",
  },
  {
    "file": "src/feedback/public-feedback.controller.ts",
    "handler": "n",
    "method": "GET",
    "path": "/public/orders/:orderId",
  },
  {
    "file": "src/public-api/public-api.controller.ts",
    "handler": "e",
    "method": "GET",
    "path": "/public/orders/requests",
  },
  {
    "file": "src/call-center/public-statement.controller.ts",
    "handler": "n",
    "method": "GET",
    "path": "/public/statement/:token",
  },
  {
    "file": "src/purchase-orders/purchase-orders.controller.ts",
    "handler": "s",
    "method": "GET",
    "path": "/purchase-orders",
  },
  {
    "file": "src/purchase-orders/purchase-orders.controller.ts",
    "handler": "s",
    "method": "GET",
    "path": "/purchase-orders/:id",
  },
  {
    "file": "src/domain-events/observability/realtime-metrics.controller.ts",
    "handler": "n",
    "method": "GET",
    "path": "/realtime/financial/observability",
  },
  {
    "file": "src/reports/reports.controller.ts",
    "handler": "n",
    "method": "GET",
    "path": "/reports/bank-fees-by-branch",
  },
  {
    "file": "src/reports/reports.controller.ts",
    "handler": "n",
    "method": "GET",
    "path": "/reports/daily-cash-closing",
  },
  {
    "file": "src/reports/reports.controller.ts",
    "handler": "n",
    "method": "GET",
    "path": "/reports/driver-ledger",
  },
  {
    "file": "src/reports/reports.controller.ts",
    "handler": "n",
    "method": "GET",
    "path": "/reports/driver/my-issued-invoices",
  },
  {
    "file": "src/reports/reports.controller.ts",
    "handler": "n",
    "method": "GET",
    "path": "/reports/executive-summary",
  },
  {
    "file": "src/reports/reports.controller.ts",
    "handler": "n",
    "method": "GET",
    "path": "/reports/issued-invoices",
  },
  {
    "file": "src/reports/reports.controller.ts",
    "handler": "n",
    "method": "GET",
    "path": "/reports/live-feed",
  },
  {
    "file": "src/reports/reports.controller.ts",
    "handler": "n",
    "method": "GET",
    "path": "/reports/money-flow-statement",
  },
  {
    "file": "src/reports/reports.controller.ts",
    "handler": "n",
    "method": "GET",
    "path": "/reports/monthly-summary",
  },
  {
    "file": "src/reports/reports.controller.ts",
    "handler": "n",
    "method": "GET",
    "path": "/reports/unified-ledger-stream",
  },
  {
    "file": "src/safari-stream/safari-stream.controller.ts",
    "handler": "s",
    "method": "GET",
    "path": "/safari-stream/snapshot",
  },
  {
    "file": "src/shifts/shifts.controller.ts",
    "handler": "s",
    "method": "GET",
    "path": "/shifts/cycle/current",
  },
  {
    "file": "src/shifts/shifts.controller.ts",
    "handler": "n",
    "method": "GET",
    "path": "/shifts/cycle/recent",
  },
  {
    "file": "src/subscribers/subscribers.controller.ts",
    "handler": "s",
    "method": "GET",
    "path": "/subscribers",
  },
  {
    "file": "src/subscription-plans/subscription-plans.controller.ts",
    "handler": "findAll",
    "method": "GET",
    "path": "/subscription-plans",
  },
  {
    "file": "src/subscription-plans/subscription-plans.controller.ts",
    "handler": "findOne",
    "method": "GET",
    "path": "/subscription-plans/:id",
  },
  {
    "file": "src/system-config/system-config.controller.ts",
    "handler": "read",
    "method": "GET",
    "path": "/system-config",
  },
  {
    "file": "src/system-guardian/system-guardian.controller.ts",
    "handler": "runDiagnostics",
    "method": "GET",
    "path": "/system-guardian/diagnostics",
  },
  {
    "file": "src/system-guardian/system-guardian.controller.ts",
    "handler": "status",
    "method": "GET",
    "path": "/system-guardian/status",
  },
  {
    "file": "src/system-settings/system-settings.controller.ts",
    "handler": "s",
    "method": "GET",
    "path": "/system-settings/debt-hold-policy",
  },
  {
    "file": "src/system-settings/system-settings.controller.ts",
    "handler": "s",
    "method": "GET",
    "path": "/system-settings/payroll-settings",
  },
  {
    "file": "src/system-settings/system-settings.controller.ts",
    "handler": "n",
    "method": "GET",
    "path": "/system-settings/toggles",
  },
  {
    "file": "src/system/system.controller.ts",
    "handler": "n",
    "method": "GET",
    "path": "/system/operating-status",
  },
  {
    "file": "src/users/users.controller.ts",
    "handler": "findAll",
    "method": "GET",
    "path": "/users",
  },
  {
    "file": "src/users/users.controller.ts",
    "handler": "findOne",
    "method": "GET",
    "path": "/users/:id",
  },
  {
    "file": "src/vehicle-expenses/vehicle-expenses.controller.ts",
    "handler": "s",
    "method": "GET",
    "path": "/vehicle-expenses",
  },
  {
    "file": "src/vehicle-expenses/vehicle-expenses.controller.ts",
    "handler": "listPendingApproval",
    "method": "GET",
    "path": "/vehicle-expenses/pending-approval",
  },
  {
    "file": "src/vehicle-expenses/vehicle-expenses.controller.ts",
    "handler": "report",
    "method": "GET",
    "path": "/vehicle-expenses/report",
  },
  {
    "file": "src/verify/verify.controller.ts",
    "handler": "n",
    "method": "GET",
    "path": "/verify/cash_receipt/:id",
  },
  {
    "file": "src/verify/verify.controller.ts",
    "handler": "n",
    "method": "GET",
    "path": "/verify/debt_hold/:id",
  },
  {
    "file": "src/verify/verify.controller.ts",
    "handler": "n",
    "method": "GET",
    "path": "/verify/employee_loan/:id",
  },
  {
    "file": "src/verify/verify.controller.ts",
    "handler": "n",
    "method": "GET",
    "path": "/verify/leave_request/:id",
  },
  {
    "file": "src/verify/verify.controller.ts",
    "handler": "n",
    "method": "GET",
    "path": "/verify/payroll_roster/:token",
  },
  {
    "file": "src/verify/verify.controller.ts",
    "handler": "n",
    "method": "GET",
    "path": "/verify/payslip/:id",
  },
  {
    "file": "src/verify/verify.controller.ts",
    "handler": "n",
    "method": "GET",
    "path": "/verify/statement/:id",
  },
  {
    "file": "src/health/version.controller.ts",
    "handler": "n",
    "method": "GET",
    "path": "/version",
  },
  {
    "file": "src/branches/branches.controller.ts",
    "handler": "n",
    "method": "PATCH",
    "path": "/branches/:id",
  },
  {
    "file": "src/collections-workflow/collections-workflow.controller.ts",
    "handler": "claim",
    "method": "PATCH",
    "path": "/collections/workflow/:id/claim",
  },
  {
    "file": "src/collections-workflow/collections-workflow.controller.ts",
    "handler": "transition",
    "method": "PATCH",
    "path": "/collections/workflow/:id/transition",
  },
  {
    "file": "src/commissions/commission-rules.controller.ts",
    "handler": "update",
    "method": "PATCH",
    "path": "/commission-rules/:id",
  },
  {
    "file": "src/customers/customer-pickup-schedule.controller.ts",
    "handler": "toggleAutoRenew",
    "method": "PATCH",
    "path": "/customers/:customerId/auto-renew",
  },
  {
    "file": "src/customers/customers.controller.ts",
    "handler": "s",
    "method": "PATCH",
    "path": "/customers/:id",
  },
  {
    "file": "src/expenses/expenses.controller.ts",
    "handler": "n",
    "method": "PATCH",
    "path": "/expenses/:id/status",
  },
  {
    "file": "src/feedback/feedback.controller.ts",
    "handler": "s",
    "method": "PATCH",
    "path": "/feedback/:id/acknowledge",
  },
  {
    "file": "src/finance/outstanding/outstanding.controller.ts",
    "handler": "n",
    "method": "PATCH",
    "path": "/finance/customer/:id/status",
  },
  {
    "file": "src/finance/deposits.controller.ts",
    "handler": "n",
    "method": "PATCH",
    "path": "/finance/deposits/:id/status",
  },
  {
    "file": "src/finance/finance.controller.ts",
    "handler": "n",
    "method": "PATCH",
    "path": "/finance/driver-monitoring/:driverId",
  },
  {
    "file": "src/finance/finance.controller.ts",
    "handler": "e",
    "method": "PATCH",
    "path": "/finance/driver/location",
  },
  {
    "file": "src/invoice-audit/invoice-audit.controller.ts",
    "handler": "n",
    "method": "PATCH",
    "path": "/invoice-audit/orders/:orderId",
  },
  {
    "file": "src/laundry-price-list/laundry-price-list.controller.ts",
    "handler": "n",
    "method": "PATCH",
    "path": "/laundry-price-list/categories/:id",
  },
  {
    "file": "src/laundry-price-list/laundry-price-list.controller.ts",
    "handler": "n",
    "method": "PATCH",
    "path": "/laundry-price-list/items/:id",
  },
  {
    "file": "src/leaves/leaves.controller.ts",
    "handler": "s",
    "method": "PATCH",
    "path": "/leaves/:id/approve",
  },
  {
    "file": "src/leaves/leaves.controller.ts",
    "handler": "s",
    "method": "PATCH",
    "path": "/leaves/:id/cancel",
  },
  {
    "file": "src/leaves/leaves.controller.ts",
    "handler": "s",
    "method": "PATCH",
    "path": "/leaves/:id/reject",
  },
  {
    "file": "src/loans/loans.controller.ts",
    "handler": "approve",
    "method": "PATCH",
    "path": "/loans/:id/approve",
  },
  {
    "file": "src/loans/loans.controller.ts",
    "handler": "reject",
    "method": "PATCH",
    "path": "/loans/:id/reject",
  },
  {
    "file": "src/orders/orders.controller.ts",
    "handler": "n",
    "method": "PATCH",
    "path": "/orders/:id",
  },
  {
    "file": "src/orders/orders.controller.ts",
    "handler": "n",
    "method": "PATCH",
    "path": "/orders/:id/assign-driver",
  },
  {
    "file": "src/serials/serials.controller.ts",
    "handler": "n",
    "method": "PATCH",
    "path": "/owner/serials/drivers/:userId",
  },
  {
    "file": "src/payment-method-fees/payment-method-fees.controller.ts",
    "handler": "n",
    "method": "PATCH",
    "path": "/payment-method-fees",
  },
  {
    "file": "src/payroll/payroll.controller.ts",
    "handler": "markPaid",
    "method": "PATCH",
    "path": "/payroll/:id/mark-paid",
  },
  {
    "file": "src/payroll/payroll.controller.ts",
    "handler": "updateAdHoc",
    "method": "PATCH",
    "path": "/payroll/adhoc-lines/:id",
  },
  {
    "file": "src/public-api/public-api.controller.ts",
    "handler": "updateCustomerProfile",
    "method": "PATCH",
    "path": "/public/customer/profile",
  },
  {
    "file": "src/subscription-plans/subscription-plans.controller.ts",
    "handler": "update",
    "method": "PATCH",
    "path": "/subscription-plans/:id",
  },
  {
    "file": "src/system-settings/system-settings.controller.ts",
    "handler": "setToggle",
    "method": "PATCH",
    "path": "/system-settings/toggles",
  },
  {
    "file": "src/users/users.controller.ts",
    "handler": "update",
    "method": "PATCH",
    "path": "/users/:id",
  },
  {
    "file": "src/users/users.controller.ts",
    "handler": "n",
    "method": "PATCH",
    "path": "/users/:id/salary-defaults",
  },
  {
    "file": "src/users/users.controller.ts",
    "handler": "n",
    "method": "PATCH",
    "path": "/users/:id/status",
  },
  {
    "file": "src/vehicle-expenses/vehicle-expenses.controller.ts",
    "handler": "n",
    "method": "PATCH",
    "path": "/vehicle-expenses/:id/status",
  },
  {
    "file": "src/manager-custody/cash-flow-aliases.controller.ts",
    "handler": "n",
    "method": "POST",
    "path": "/accountant/reject-custody",
  },
  {
    "file": "src/manager-custody/cash-flow-aliases.controller.ts",
    "handler": "n",
    "method": "POST",
    "path": "/accountant/verify-deposit",
  },
  {
    "file": "src/queue-admin/queue-admin.controller.ts",
    "handler": "replay",
    "method": "POST",
    "path": "/admin/queues/replay",
  },
  {
    "file": "src/queue-admin/queue-admin.controller.ts",
    "handler": "replayAll",
    "method": "POST",
    "path": "/admin/queues/replay-all",
  },
  {
    "file": "src/queue-admin/queue-admin.controller.ts",
    "handler": "replayOne",
    "method": "POST",
    "path": "/admin/queues/replay/:jobId",
  },
  {
    "file": "src/attendance/attendance.controller.ts",
    "handler": "n",
    "method": "POST",
    "path": "/attendance/biometric",
  },
  {
    "file": "src/attendance/attendance.controller.ts",
    "handler": "s",
    "method": "POST",
    "path": "/attendance/manual",
  },
  {
    "file": "src/attendance/attendance.controller.ts",
    "handler": "n",
    "method": "POST",
    "path": "/attendance/sync",
  },
  {
    "file": "src/auth/auth.controller.ts",
    "handler": "e",
    "method": "POST",
    "path": "/auth/change-password",
  },
  {
    "file": "src/auth/auth.controller.ts",
    "handler": "e",
    "method": "POST",
    "path": "/auth/login",
  },
  {
    "file": "src/auth/auth.controller.ts",
    "handler": "n",
    "method": "POST",
    "path": "/auth/logout",
  },
  {
    "file": "src/auth/auth.controller.ts",
    "handler": "n",
    "method": "POST",
    "path": "/auth/refresh-token",
  },
  {
    "file": "src/manager-custody/cash-flow-aliases.controller.ts",
    "handler": "y",
    "method": "POST",
    "path": "/bank-deposits/upload-slip",
  },
  {
    "file": "src/branches/branches.controller.ts",
    "handler": "n",
    "method": "POST",
    "path": "/branches",
  },
  {
    "file": "src/call-center/call-center.controller.ts",
    "handler": "n",
    "method": "POST",
    "path": "/call-center/customers/:customerId/partial-debt-payment",
  },
  {
    "file": "src/call-center/call-center.controller.ts",
    "handler": "s",
    "method": "POST",
    "path": "/call-center/customers/:customerId/send-full-balance-payment-link-whatsapp",
  },
  {
    "file": "src/call-center/call-center.controller.ts",
    "handler": "s",
    "method": "POST",
    "path": "/call-center/customers/:customerId/statement-share-link",
  },
  {
    "file": "src/dispatch/dispatch.controller.ts",
    "handler": "n",
    "method": "POST",
    "path": "/call-center/dispatch",
  },
  {
    "file": "src/dispatch/dispatch.controller.ts",
    "handler": "n",
    "method": "POST",
    "path": "/call-center/dispatch/:id/reassign",
  },
  {
    "file": "src/call-center/call-center.controller.ts",
    "handler": "s",
    "method": "POST",
    "path": "/call-center/orders/:orderId/mark-paid",
  },
  {
    "file": "src/call-center/call-center.controller.ts",
    "handler": "s",
    "method": "POST",
    "path": "/call-center/orders/:orderId/payment-link",
  },
  {
    "file": "src/call-center/call-center.controller.ts",
    "handler": "s",
    "method": "POST",
    "path": "/call-center/orders/:orderId/reminder",
  },
  {
    "file": "src/call-center/call-center.controller.ts",
    "handler": "s",
    "method": "POST",
    "path": "/call-center/orders/:orderId/send-payment-link-whatsapp",
  },
  {
    "file": "src/call-center/call-center.controller.ts",
    "handler": "n",
    "method": "POST",
    "path": "/call-center/subscribers/:customerId/reminder",
  },
  {
    "file": "src/call-center/call-center.controller.ts",
    "handler": "n",
    "method": "POST",
    "path": "/call-center/subscriptions/activate",
  },
  {
    "file": "src/call-center/call-center.controller.ts",
    "handler": "n",
    "method": "POST",
    "path": "/call-center/subscriptions/cancel",
  },
  {
    "file": "src/call-center/call-center.controller.ts",
    "handler": "n",
    "method": "POST",
    "path": "/call-center/subscriptions/extend",
  },
  {
    "file": "src/cash-monitor/cash-monitor.controller.ts",
    "handler": "recordAction",
    "method": "POST",
    "path": "/cash-intelligence/action",
  },
  {
    "file": "src/finance/collections/collections-workflow.controller.ts",
    "handler": "assign",
    "method": "POST",
    "path": "/collections/accounts/:customerId/assign",
  },
  {
    "file": "src/finance/collections/collections-workflow.controller.ts",
    "handler": "logContact",
    "method": "POST",
    "path": "/collections/accounts/:customerId/contact",
  },
  {
    "file": "src/finance/collections/collections-workflow.controller.ts",
    "handler": "open",
    "method": "POST",
    "path": "/collections/accounts/:customerId/open",
  },
  {
    "file": "src/finance/collections/collections-workflow.controller.ts",
    "handler": "reopen",
    "method": "POST",
    "path": "/collections/accounts/:customerId/reopen",
  },
  {
    "file": "src/finance/collections/collections-workflow.controller.ts",
    "handler": "transition",
    "method": "POST",
    "path": "/collections/accounts/:customerId/transition",
  },
  {
    "file": "src/finance/promises/promises.controller.ts",
    "handler": "create",
    "method": "POST",
    "path": "/collections/promises",
  },
  {
    "file": "src/finance/promises/promises.controller.ts",
    "handler": "cancelled",
    "method": "POST",
    "path": "/collections/promises/:id/cancelled",
  },
  {
    "file": "src/finance/promises/promises.controller.ts",
    "handler": "kept",
    "method": "POST",
    "path": "/collections/promises/:id/kept",
  },
  {
    "file": "src/collections-workflow/collections-workflow.controller.ts",
    "handler": "create",
    "method": "POST",
    "path": "/collections/workflow",
  },
  {
    "file": "src/commissions/commission-rules.controller.ts",
    "handler": "create",
    "method": "POST",
    "path": "/commission-rules",
  },
  {
    "file": "src/customers/customers.controller.ts",
    "handler": "s",
    "method": "POST",
    "path": "/customers",
  },
  {
    "file": "src/customers/customer-pickup-schedule.controller.ts",
    "handler": "upsertSchedule",
    "method": "POST",
    "path": "/customers/:customerId/pickup-schedule",
  },
  {
    "file": "src/customers/customers.controller.ts",
    "handler": "n",
    "method": "POST",
    "path": "/customers/:id/block",
  },
  {
    "file": "src/customers/customers.controller.ts",
    "handler": "n",
    "method": "POST",
    "path": "/customers/:id/unblock",
  },
  {
    "file": "src/debt-holds/debt-holds.controller.ts",
    "handler": "n",
    "method": "POST",
    "path": "/debt-holds/:id/disburse",
  },
  {
    "file": "src/debt-holds/debt-holds.controller.ts",
    "handler": "n",
    "method": "POST",
    "path": "/debt-holds/:id/release",
  },
  {
    "file": "src/debt-holds/debt-holds.controller.ts",
    "handler": "n",
    "method": "POST",
    "path": "/debt-holds/manual",
  },
  {
    "file": "src/debt-transfers/debt-transfers.controller.ts",
    "handler": "create",
    "method": "POST",
    "path": "/debt-transfers",
  },
  {
    "file": "src/debt-transfers/debt-transfers.controller.ts",
    "handler": "cancel",
    "method": "POST",
    "path": "/debt-transfers/:id/cancel",
  },
  {
    "file": "src/debt-transfers/debt-transfers.controller.ts",
    "handler": "n",
    "method": "POST",
    "path": "/debt-transfers/:id/finalize",
  },
  {
    "file": "src/debt-transfers/debt-transfers.controller.ts",
    "handler": "n",
    "method": "POST",
    "path": "/debt-transfers/:id/sign/source",
  },
  {
    "file": "src/debt-transfers/debt-transfers.controller.ts",
    "handler": "n",
    "method": "POST",
    "path": "/debt-transfers/:id/sign/target",
  },
  {
    "file": "src/dispatch/dispatch.controller.ts",
    "handler": "n",
    "method": "POST",
    "path": "/driver/dispatch/:id/acknowledge",
  },
  {
    "file": "src/manager-custody/cash-flow-aliases.controller.ts",
    "handler": "n",
    "method": "POST",
    "path": "/driver/handover-cash",
  },
  {
    "file": "src/orders/driver-order-delivery.controller.ts",
    "handler": "completeDelivery",
    "method": "POST",
    "path": "/driver/orders/:id/complete-delivery",
  },
  {
    "file": "src/orders/driver-order-delivery.controller.ts",
    "handler": "returnToBranch",
    "method": "POST",
    "path": "/driver/orders/:id/return-to-branch",
  },
  {
    "file": "src/orders/driver-order-delivery.controller.ts",
    "handler": "startDelivery",
    "method": "POST",
    "path": "/driver/orders/:id/start-delivery",
  },
  {
    "file": "src/expenses/expenses.controller.ts",
    "handler": "n",
    "method": "POST",
    "path": "/expenses",
  },
  {
    "file": "src/finance/bank-deposits.controller.ts",
    "handler": "y",
    "method": "POST",
    "path": "/finance/bank-deposits",
  },
  {
    "file": "src/finance/bank-deposits.controller.ts",
    "handler": "n",
    "method": "POST",
    "path": "/finance/bank-deposits/:id/verify",
  },
  {
    "file": "src/finance/deposits.controller.ts",
    "handler": "y",
    "method": "POST",
    "path": "/finance/deposits",
  },
  {
    "file": "src/finance/finance.controller.ts",
    "handler": "n",
    "method": "POST",
    "path": "/finance/driver/ensure-shift",
  },
  {
    "file": "src/finance/fraud/fraud-detection.controller.ts",
    "handler": "resolve",
    "method": "POST",
    "path": "/finance/fraud-alerts/:id/resolve",
  },
  {
    "file": "src/finance/fraud/fraud-detection.controller.ts",
    "handler": "run",
    "method": "POST",
    "path": "/finance/fraud-alerts/run",
  },
  {
    "file": "src/finance/finance.controller.ts",
    "handler": "n",
    "method": "POST",
    "path": "/finance/generate-settlement-link",
  },
  {
    "file": "src/finance/finance.controller.ts",
    "handler": "n",
    "method": "POST",
    "path": "/finance/handover/confirm",
  },
  {
    "file": "src/finance/finance.controller.ts",
    "handler": "y",
    "method": "POST",
    "path": "/finance/handover/upload-receipt",
  },
  {
    "file": "src/finance/outstanding/outstanding.controller.ts",
    "handler": "n",
    "method": "POST",
    "path": "/finance/outstanding/export",
  },
  {
    "file": "src/finance/periods/financial-periods.controller.ts",
    "handler": "close",
    "method": "POST",
    "path": "/finance/periods/close",
  },
  {
    "file": "src/finance/periods/financial-periods.controller.ts",
    "handler": "reopen",
    "method": "POST",
    "path": "/finance/periods/reopen",
  },
  {
    "file": "src/fixed-expenses/fixed-expense.controller.ts",
    "handler": "n",
    "method": "POST",
    "path": "/fixed-expenses",
  },
  {
    "file": "src/insights/insights.controller.ts",
    "handler": "n",
    "method": "POST",
    "path": "/insights/executive/weekly/regenerate",
  },
  {
    "file": "src/inventory/inventory.controller.ts",
    "handler": "n",
    "method": "POST",
    "path": "/inventory/adjust",
  },
  {
    "file": "src/inventory/inventory.controller.ts",
    "handler": "createCategory",
    "method": "POST",
    "path": "/inventory/categories",
  },
  {
    "file": "src/inventory/inventory.controller.ts",
    "handler": "createItem",
    "method": "POST",
    "path": "/inventory/items",
  },
  {
    "file": "src/inventory/inventory.controller.ts",
    "handler": "n",
    "method": "POST",
    "path": "/inventory/stock-in",
  },
  {
    "file": "src/inventory/inventory.controller.ts",
    "handler": "n",
    "method": "POST",
    "path": "/inventory/stock-out",
  },
  {
    "file": "src/inventory/inventory.controller.ts",
    "handler": "n",
    "method": "POST",
    "path": "/inventory/stocktake",
  },
  {
    "file": "src/inventory/inventory.controller.ts",
    "handler": "createSupplier",
    "method": "POST",
    "path": "/inventory/suppliers",
  },
  {
    "file": "src/inventory/inventory.controller.ts",
    "handler": "n",
    "method": "POST",
    "path": "/inventory/transfer",
  },
  {
    "file": "src/invoice-audit/invoice-audit.controller.ts",
    "handler": "n",
    "method": "POST",
    "path": "/invoice-audit/orders/:orderId/void",
  },
  {
    "file": "src/laundry-price-list/laundry-price-list.controller.ts",
    "handler": "n",
    "method": "POST",
    "path": "/laundry-price-list/items",
  },
  {
    "file": "src/leaves/leaves.controller.ts",
    "handler": "s",
    "method": "POST",
    "path": "/leaves",
  },
  {
    "file": "src/loans/loans.controller.ts",
    "handler": "s",
    "method": "POST",
    "path": "/loans",
  },
  {
    "file": "src/loans/loans.controller.ts",
    "handler": "n",
    "method": "POST",
    "path": "/loans/:id/deduct",
  },
  {
    "file": "src/manager-custody/manager-custody.controller.ts",
    "handler": "reject",
    "method": "POST",
    "path": "/manager-custody/:id/reject",
  },
  {
    "file": "src/manager-custody/manager-custody.controller.ts",
    "handler": "n",
    "method": "POST",
    "path": "/manager-custody/:id/upload-slip",
  },
  {
    "file": "src/manager-custody/manager-custody.controller.ts",
    "handler": "n",
    "method": "POST",
    "path": "/manager-custody/:id/verify",
  },
  {
    "file": "src/manager-custody/manager-custody.controller.ts",
    "handler": "n",
    "method": "POST",
    "path": "/manager-custody/approve-receipt",
  },
  {
    "file": "src/manager-custody/manager-custody.controller.ts",
    "handler": "y",
    "method": "POST",
    "path": "/manager-custody/upload-slip-image",
  },
  {
    "file": "src/orders/orders.controller.ts",
    "handler": "n",
    "method": "POST",
    "path": "/orders",
  },
  {
    "file": "src/orders/orders.controller.ts",
    "handler": "n",
    "method": "POST",
    "path": "/orders/:id/invoice-share-link",
  },
  {
    "file": "src/orders/orders.controller.ts",
    "handler": "n",
    "method": "POST",
    "path": "/orders/quick",
  },
  {
    "file": "src/account-security/account-security.controller.ts",
    "handler": "trustDevice",
    "method": "POST",
    "path": "/owner/security/devices/trust",
  },
  {
    "file": "src/account-security/account-security.controller.ts",
    "handler": "untrustDevice",
    "method": "POST",
    "path": "/owner/security/devices/untrust",
  },
  {
    "file": "src/account-security/account-security.controller.ts",
    "handler": "activateMfa",
    "method": "POST",
    "path": "/owner/security/mfa/activate",
  },
  {
    "file": "src/account-security/account-security.controller.ts",
    "handler": "disableMfa",
    "method": "POST",
    "path": "/owner/security/mfa/disable",
  },
  {
    "file": "src/account-security/account-security.controller.ts",
    "handler": "enrollMfa",
    "method": "POST",
    "path": "/owner/security/mfa/enroll",
  },
  {
    "file": "src/account-security/account-security.controller.ts",
    "handler": "revokeAllSessions",
    "method": "POST",
    "path": "/owner/security/sessions/revoke-all",
  },
  {
    "file": "src/serials/serials.controller.ts",
    "handler": "n",
    "method": "POST",
    "path": "/owner/serials/gaps/scan-now",
  },
  {
    "file": "src/payments/payments.controller.ts",
    "handler": "n",
    "method": "POST",
    "path": "/payments/callback",
  },
  {
    "file": "src/payments/payments.controller.ts",
    "handler": "n",
    "method": "POST",
    "path": "/payments/recheck/:orderId",
  },
  {
    "file": "src/payments/payments.controller.ts",
    "handler": "n",
    "method": "POST",
    "path": "/payments/status/:orderId",
  },
  {
    "file": "src/payroll/payroll.controller.ts",
    "handler": "create",
    "method": "POST",
    "path": "/payroll",
  },
  {
    "file": "src/payroll/payroll.controller.ts",
    "handler": "n",
    "method": "POST",
    "path": "/payroll/:id/recalc-loan",
  },
  {
    "file": "src/payroll/payroll.controller.ts",
    "handler": "createAdHoc",
    "method": "POST",
    "path": "/payroll/adhoc-lines",
  },
  {
    "file": "src/permissions/permissions.controller.ts",
    "handler": "grant",
    "method": "POST",
    "path": "/permissions/roles/:roleId/grant",
  },
  {
    "file": "src/permissions/permissions.controller.ts",
    "handler": "revoke",
    "method": "POST",
    "path": "/permissions/roles/:roleId/revoke",
  },
  {
    "file": "src/pos/pos.controller.ts",
    "handler": "n",
    "method": "POST",
    "path": "/pos/checkout",
  },
  {
    "file": "src/pos/pos.controller.ts",
    "handler": "n",
    "method": "POST",
    "path": "/pos/checkout-bundle",
  },
  {
    "file": "src/pos/pos.controller.ts",
    "handler": "n",
    "method": "POST",
    "path": "/pos/customers",
  },
  {
    "file": "src/presence/presence.controller.ts",
    "handler": "n",
    "method": "POST",
    "path": "/presence/heartbeat",
  },
  {
    "file": "src/public-api/public-api.controller.ts",
    "handler": "updateWebsiteOrderRequestStatus",
    "method": "POST",
    "path": "/public/call-center/website-order-requests/:id/status",
  },
  {
    "file": "src/public-api/public-api.controller.ts",
    "handler": "e",
    "method": "POST",
    "path": "/public/customer-auth/dev-login",
  },
  {
    "file": "src/public-api/public-api.controller.ts",
    "handler": "e",
    "method": "POST",
    "path": "/public/customer-auth/logout",
  },
  {
    "file": "src/public-api/public-api.controller.ts",
    "handler": "e",
    "method": "POST",
    "path": "/public/customer-auth/refresh-token",
  },
  {
    "file": "src/public-api/public-api.controller.ts",
    "handler": "e",
    "method": "POST",
    "path": "/public/customer-auth/request-otp",
  },
  {
    "file": "src/public-api/public-api.controller.ts",
    "handler": "e",
    "method": "POST",
    "path": "/public/customer-auth/verify-otp",
  },
  {
    "file": "src/public-api/public-api.controller.ts",
    "handler": "e",
    "method": "POST",
    "path": "/public/customer-portal/pay-balance",
  },
  {
    "file": "src/public-api/public-api.controller.ts",
    "handler": "e",
    "method": "POST",
    "path": "/public/customer-portal/payment-link",
  },
  {
    "file": "src/public-api/public-api.controller.ts",
    "handler": "e",
    "method": "POST",
    "path": "/public/customer/push-token",
  },
  {
    "file": "src/public-api/public-api.controller.ts",
    "handler": "s",
    "method": "POST",
    "path": "/public/employee/push-token",
  },
  {
    "file": "src/feedback/public-feedback.controller.ts",
    "handler": "n",
    "method": "POST",
    "path": "/public/orders/:orderId/feedback",
  },
  {
    "file": "src/public-api/public-api.controller.ts",
    "handler": "e",
    "method": "POST",
    "path": "/public/orders/request",
  },
  {
    "file": "src/public-api/public-api.controller.ts",
    "handler": "s",
    "method": "POST",
    "path": "/public/payments/:orderId/intent",
  },
  {
    "file": "src/purchase-orders/purchase-orders.controller.ts",
    "handler": "create",
    "method": "POST",
    "path": "/purchase-orders",
  },
  {
    "file": "src/purchase-orders/purchase-orders.controller.ts",
    "handler": "cancel",
    "method": "POST",
    "path": "/purchase-orders/:id/cancel",
  },
  {
    "file": "src/purchase-orders/purchase-orders.controller.ts",
    "handler": "n",
    "method": "POST",
    "path": "/purchase-orders/:id/receive",
  },
  {
    "file": "src/purchase-orders/purchase-orders.controller.ts",
    "handler": "send",
    "method": "POST",
    "path": "/purchase-orders/:id/send",
  },
  {
    "file": "src/shifts/shifts.controller.ts",
    "handler": "n",
    "method": "POST",
    "path": "/shifts/cycle/run-now",
  },
  {
    "file": "src/subscription-plans/subscription-plans.controller.ts",
    "handler": "n",
    "method": "POST",
    "path": "/subscription-plans",
  },
  {
    "file": "src/system-config/system-config.controller.ts",
    "handler": "n",
    "method": "POST",
    "path": "/system-config",
  },
  {
    "file": "src/system-guardian/system-guardian.controller.ts",
    "handler": "run",
    "method": "POST",
    "path": "/system-guardian/run",
  },
  {
    "file": "src/users/users.controller.ts",
    "handler": "n",
    "method": "POST",
    "path": "/users",
  },
  {
    "file": "src/users/users.controller.ts",
    "handler": "n",
    "method": "POST",
    "path": "/users/:id/reset-password",
  },
  {
    "file": "src/users/users.controller.ts",
    "handler": "n",
    "method": "POST",
    "path": "/users/reset-passwords-bulk",
  },
  {
    "file": "src/vehicle-expenses/vehicle-expenses.controller.ts",
    "handler": "n",
    "method": "POST",
    "path": "/vehicle-expenses",
  },
  {
    "file": "src/commissions/commission-rules.controller.ts",
    "handler": "n",
    "method": "PUT",
    "path": "/commission-rules/default",
  },
  {
    "file": "src/system-settings/system-settings.controller.ts",
    "handler": "updatePolicy",
    "method": "PUT",
    "path": "/system-settings/debt-hold-policy",
  },
  {
    "file": "src/system-settings/system-settings.controller.ts",
    "handler": "n",
    "method": "PUT",
    "path": "/system-settings/payroll-settings",
  },
]
`;
